// Jest Snapshot v1, https://goo.gl/fbAQLP

exports[`<Hello /> should render without throwing errors 1`] = `
<div>
  <h1
    className="hello"
  >
    Hello, 
    Test!
  </h1>
</div>
`;
